// Jest Snapshot v1, https://goo.gl/fbAQLP

exports[`should render with props 1`] = `
<div
  className="container"
>
  <div
    className="row"
  >
    <div
      className="col-xs-12"
    >
      <h3>
        Users
      </h3>
    </div>
  </div>
  <div
    className="row"
  >
    <div
      className="col-xs-12"
    >
      <table>
         // mocked table output
        <tr>
          <th>
            id // mocked table header column
          </th>
        </tr>
        <tr>
          <th>
            name // mocked table header column
          </th>
        </tr>
      </table>
    </div>
  </div>
</div>
`;
