// Jest Snapshot v1, https://goo.gl/fbAQLP

exports[`should map policies 1`] = `
Array [
  <option
    value="1"
  />,
  <option
    value="2"
  />,
]
`;

exports[`should render with default props 1`] = `
<div
  className="container"
>
  <form
    onSubmit={[Function]}
  >
    <div
      className="row"
    >
      <div
        className="col-xs-12"
      >
        <div
          className="page-header"
        >
          <h1>
            Team Policies
             
            <small />
          </h1>
        </div>
      </div>
    </div>
    <div
      className="row"
    >
      <div
        className="col-xs-5"
        style={
          Object {
            "paddingRight": 0,
          }
        }
      >
        <div
          className="panel panel-default"
        >
          <div
            className="panel-heading"
          >
            <h3
              className="panel-title"
            >
              Available Policies
            </h3>
          </div>
          <div
            className="panel-body"
          >
            <div
              className="form-group"
            >
              <select
                className="form-control"
                id="policies-available"
                multiple={true}
                onChange={[Function]}
                style={
                  Object {
                    "height": "60vh",
                  }
                }
                type={undefined}
              />
            </div>
          </div>
        </div>
      </div>
      <div
        className="col-xs-2"
        style={
          Object {
            "display": "flex",
            "flexDirection": "column",
            "height": "35vh",
            "justifyContent": "flex-end",
            "padding": "0 10px",
          }
        }
      >
        <button
          className="btn btn-default"
          disabled={false}
          onClick={[Function]}
          style={
            Object {
              "margin": "15px 0",
            }
          }
          type="button"
        >
          <span
            className="glyphicon glyphicon-arrow-right"
          />
        </button>
        <button
          className="btn btn-default"
          disabled={false}
          onClick={[Function]}
          type="button"
        >
          <span
            className="glyphicon glyphicon-arrow-left"
          />
        </button>
      </div>
      <div
        className="col-xs-5"
        style={
          Object {
            "paddingLeft": 0,
          }
        }
      >
        <div
          className="panel panel-default"
        >
          <div
            className="panel-heading"
          >
            <h3
              className="panel-title"
            >
              Active Policies
            </h3>
          </div>
          <div
            className="panel-body"
          >
            <div
              className="form-group"
            >
              <select
                className="form-control"
                id="policies-available"
                multiple={true}
                onChange={[Function]}
                style={
                  Object {
                    "height": "60vh",
                  }
                }
                type={undefined}
              />
            </div>
          </div>
        </div>
      </div>
    </div>
    <div
      className="row"
      style={
        Object {
          "margin": "15px 0 ",
        }
      }
    >
      <div
        className="col-xs-5 col-xs-offset-7"
      >
        <button
          className="btn btn-primary"
          disabled={true}
          type="submit"
        >
          SAVE
        </button>
        <button
          className="btn btn-link"
          disabled={false}
          onClick={[Function]}
          type="button"
        >
          CANCEL
        </button>
      </div>
    </div>
  </form>
</div>
`;
